	-5.94778	.	.		70	0	0
	-5.94778	.	.		70	0	0
	-13.1802	.	.		30	0	0
