##fileformat=VCFv4.2
##FILTER=<ID=PASS,Description="All filters passed">
##contig=<ID=1,length=248956422>
##ALT=<ID=DUP,Description="Duplication">
##INFO=<ID=END,Number=1,Type=Integer,Description="End position of the variant described in this record">
#CHROM	POS	ID	REF	ALT	QUAL	FILTER	INFO
1	100	dup110	G	<DUP>	.	.	END=110
1	100	dup120	G	<DUP>	.	.	END=120
1	100	dup130	G	<DUP>	.	.	END=130
