##fileformat=VCFv4.2
##FILTER=<ID=PASS,Description="All filters passed">
##contig=<ID=1,assembly=b37,length=249250621>
##reference=file:///lustre/scratch105/projects/g1k/ref/main_project/human_g1k_v37.fasta
##INFO=<ID=ABC,Number=.,Type=String,Description="Test annotation">
#CHROM	POS	ID	REF	ALT	QUAL	FILTER	INFO
1	1141506	.	G	A	.	PASS	ABC=A,A
1	1141517	.	C	A	.	PASS	ABC=A,A,B
1	1141556	.	G	C	.	PASS	ABC=B
1	1141570	.	G	C	.	PASS	ABC=B
1	1141643	.	T	C	.	PASS	.
