>NW_019171628.1:64330-64531
GAGAAAGAGAGAGAGAGAGCATGCTTCCAAACCCTTTGTTCTTTTTCTTCTGAAGAGAAG
GTGACCTGGTTTTGAAACACTGGCTACAGCAAATCACTCAGAACACACACACACACACAC
ACACACACACACACACACACACTCTCAGAACACACACACACACACGCACTTACATTTAGC
CTTGGTGTTACTAT
