>1:2-501
TACMAWATRTGATAAAATMAAAAAGAACATAACCTACGTATCAACTAAAGTGGTTGTTTG
MAGAAAAGGAAGACTTAAAAAGAGTCAGTACTAACCTACATAATATATACAATGTTCATT
AAATAATAAAATGAGCTCATCATACTTAGGTCATCATAAATATATCTGAAATTCACAAAT
ATTGATCAAATGGTAAAATAGACAAGTAGATTTTAATAGGTTAAACAATTACTGATTCTC
TTGAAAGAATAAATTTAATATGAGACCTATTTCATTATAATGAACTCACAAATTAGAAAC
TTCACACTGGGGGCTGGAGAGATGGCTCAGTAGTTAAGAACACTGACTGCTCTTCTGAAG
GTCCTGAGTTCAAATCCCAGCAACCACATGGTGACTTACAACCATCTGTAATGACATCTG
ATGCCCTCTGGTGTGTCTGAAGACAGCTACAGTGTACTTACATAAAATAATAAATAAATC
TTTAAAAACAAAAAAAAAGAA
>2
GAAGATCTTTTCCTTATTAAGGATCTGAAGCTCTGTAGATTTGTATTCTATTAAACATGG
ARATTAGTGATTTTCCATATTCTTTAAGTCATTTTAGAGTAATGTGTTCTTAAGATWTCA
GAAAAACAAAAACTTGTGCTTTCCTGTTTGAAAAACAAACAGCTGTGGGGAATGGACGTA
CGTTGTCGGGACAGCCTTTTTATAAAATAATGTTGAGGCTTTGATACGTCAAAGTTATAT
TTCAAATGGAATCACTTAGACCTCGTTTCTGAGTGTCAATGGCCATATTGGGGATTTGCT
GCTGCCAATGACAGCACACCCTGGGAATGCCCCAACTACTTACTACAAAGCAGTGTTACA
TGGAGAAGATCTTCAAGAGTCTTTTTGCTAGATCTTTCCTTGGCTTTTGATGTGACTCCT
CTCAATAAAATCCACAGTAATATAGTGAGTGGTCTCCTGCTCCAAACCAGTATTHCAVMA
CACAGTTAATCCAGAC
