>1:2-501
TACAAAATATGATAAAATCAAAAAGAACATAACCTACGTATCAACTAAAGTGGTTGTTTG
AAGAAAAGGAAGACTTAAAAAGAGTCAGTACTAACCTACATAATATATACAATGTTCATT
AAATAATAAAATGAGCTCATCATACTTAGGTCATCATAAATATATCTGAAATTCACAAAT
ATTGATCAAATGGTAAAATAGACAAGTAGATTTTAATAGGTTAAACAATTACTGATTCTC
TTGAAAGAATAAATTTAATATGAGACCTATTTCATTATAATGAACTCACAAATTAGAAAC
TTCACACTGGGGGCTGGAGAGATGGCTCAGTAGTTAAGAACACTGACTGCTCTTCTGAAG
GTCCTGAGTTCAAATCCCAGCAACCACATGGTGACTTACAACCATCTGTAATGACATCTG
ATGCCCTCTGGTGTGTCTGAAGACAGCTACAGTGTACTTACATAAAATAATAAATAAATC
TTTAAAAACAAAAAAAAAGAA
>2
GAAGATCTTTTCCTTATTAAGGATCTGAAGCTCTGTAGATTTGTATTCTATTAAACATGG
AAATTAGTGATTTTCCATATTCTTTAAGTCATTTTAGAGTAATGTGTTCTTAAGATTTCA
GAAAAACAAAAACTTGTGCTTTCCTGTTTGAAAAACAAACAGCTGTGGGGAATGGACGTA
CGTTGTCGGGACAGCCTTTTTATAAAATAATGTTGAGGCTTTGATACGTCAAAGTTATAT
TTCAAATGGAATCACTTAGACCTCGTTTCTGAGTGTCAATGGCCATATTGGGGATTTGCT
GCTGCCAATGACAGCACACCCTGGGAATGCCCCAACTACTTACTACAAAGCAGTGTTACA
TGGAGAAGATCTTCAAGAGTCTTTTTGCTAGATCTTTCCTTGGCTTTTGATGTGACTCCT
CTCAATAAAATCCACAGTAATATAGTGAGTGGTCTCCTGCTCCAAACCAGTATTCCAGAC
ACAGTTAATCCAGAC
