>xx_1
??ACCATATGTTCATATAAAAAAGAACATAACCTACGTATCAACTAAAGTGGTTGTTC
>xx_2
CCTACCATATGTGACATATAAAAAAGAACATAACCTACGTATCAACTAAAGTGGTTGTTC
>xx_3
CCCTACCATATGTGACATATAAAAAAGAACATAACCTACGTATCAACTAAAGTGGTTGTT
C
>xx_4
CCCCTACCATATGTGACATATAAAAAAGAACATAACCTACGTATCAACTAAAGTGGTTGT
TC
