>1:2-501
TACaAaATaTgataaaATCAaAAAGAACATAACCTACGTATCAACTAAAGTGGTTGTTTG
aAGAAAAGGAAGACTTAAAAAGAGTCAGTACTAACCTACATAATATATACAATGTTCATT
AAATAATAAAATGAGCTCATCATACTTAGGTCATCATAAATATATCTGAAATTCACAAAT
ATTGATCAAATGGTAAAATAGACAAGTAGATTTTAATAGGTTAAACAATTACTGATTCTC
TTGAAAGAATAAATTTAATATGAGACCTATTTCATTATAATGAACTCACAAATTAGAAAC
TTCACACTGGGGGCTGGAGAGATGGCTCAGTAGTTAAGAACACTGACTGCTCTTCTGAAG
GTCCTGAGTTCAAATCCCAGCAACCACATGGTGACTTACAACCATCTGTAATGACATCTG
ATGCCCTCTGGTGTGTCTGAAGACAGCTACAGTGTACTTACATAAAATAATAAATAAATC
TTTAAAAACAAAAAAAAAGAA
>2
gaagatcttttccttattaaggatctgaagctctgtagatttgtattctattaaacatgg
AAattagtgattttccatattctttaagtcattttagagtaatgtgttcttaagatTtca
gaaaaacaaaaacttgtgctttcctgtttgaaaaacaaacagctgtggggaatgGACGTA
CGTtgtcgggacagcctttttatAaaataatgttgaggctttgatacgtcaaagttatat
ttcaaatggaatcacttagacctcgtttctgagtgtcaatggccatattggggAtttgct
gctgccaatgacaGcacaccctgggaatgccccaactacttactacaaagcagtgttaca
tggagaagatcttcaagagtctttttgctagatctttccttggcttttgatgtgactcct
ctcaataaaatccacagtaatatagtgagtggtctcctgctccaaaccagtattCcagac
acagttaatccagac
