##fileformat=VCFv4.2
##FILTER=<ID=PASS,Description="All filters passed">
##INFO=<ID=AD,Number=R,Type=Integer,Description="Read depth for each allele">
##FORMAT=<ID=AD,Number=R,Type=Integer,Description="Read depth for each allele">
##contig=<ID=1,assembly=b37,length=249250621>
##reference=file:///lustre/scratch105/projects/g1k/ref/main_project/human_g1k_v37.fasta
#CHROM	POS	ID	REF	ALT	QUAL	FILTER	INFO	FORMAT	A	B
1	3162007	.	A	C	110	PASS	AD=11,22	AD	1,2	10,20
