DC	D	C	2	0.000000e+00	2
DC	E	C	1	1.386294e+00	2
DC	E	D	1	2.407946e+00	2
