DC	smpl	x5	1.200060e-03	1.258314e+01	6
DC	smpl	x3	1.000050e-03	1.075056e+01	5
