10001	T	.	.	10145	./.	6
10146	A	.	.	10146	1/1	19
10147	C	.	.	10173	./.	18
10174	C	.	.	10174	0/1	20
10175	T	.	.	10246	./.	14
10247	T	.	.	10247	1/1	2
10248	A	.	.	12595	./.	0
