chr1	156134692	.	C	<NON_REF>	.	PASS	END=156135413
