1	1172783	.	CCTCTGTCCTGGTCGCGTTGCCCAGCG	C	.	.	.
1	1172784	.	C	T	.	.	.
