20	100	GGAGGAAGAGGAAGAGGAGGAGGAGGAAGAGGAAGAGGAGGAGGAA	*,AGAGGAAGAGGAAGAGGAGGAGGAGGAAGAGGAAGAGGAGGAGGAA,GGAGGAAGAGGAGGAGGAGGAAGAGGAAGAGGAGGAGGAA	011
20	140	G	A,*	011
12	55	C	T	001
