##fileformat=VCFv4.2
##FILTER=<ID=PASS,Description="All filters passed">
##contig=<ID=1,length=249250621>
##INFO=<ID=type,Number=.,Type=String,Description="">
##INFO=<ID=EXP,Number=1,Type=String,Description="Expected consequence">
##INFO=<ID=EXPL,Number=1,Type=String,Description="Expected consequence with bt/csq -l">
#CHROM	POS	ID	REF	ALT	QUAL	FILTER	INFO
1	10	.	G	.	.	.	.
1	10	.	g	gTC	.	.	.
1	10	.	g	gtC	.	.	.
1	13	.	T	.	.	.	.
