151 A 0/1 1,1,0 0
152 A 0/1 0,1,0 0
153 A 0/1 0,2,0 3.0103
154 A 0/1 0,3,0 6.0206
155 A 0/1 0,4,0 9.0309
156 A 0/1 0,5,0 12.0412
157 A 0/1 0,6,0 15.0515
158 A 0/1 0,7,0 18.0618
159 A 0/1 0,8,0 21.0721
160 A 1/2 0,9,0 24.0824
161 A 1/2 0,119,0 355.215
161 B 0/0 1,0,0 0
