1	3062915	DP4=1,2,3,4;AN=4;AC=2	GT:GQ:DP:GL	0/1:109:25:-10,-5,-20	0/1:409:35:-20,-5,-20
1	3062915	TEST=5;DP4=1,2,3,4;AN=4;AC=1,1	GT:TT:GQ:DP:GL	0/2:0,1:109:35:-10,-5,-20,-20,-5,-20	0/1:0,1:409:35:-20,-5,-20,-20,-5,-20
1	3062915	DP4=1,2,3,4;AN=4;AC=2	GT:GQ:DP:GL	0/1:109:25:-10,-5,-20	0/1:409:35:-20,-5,-20
1	3106154	AN=0;AC=0	GT:GQ:DP	./.:145:22	.:245:32
1	3106154	AN=4;AC=2	GT:GQ:DP	0/1:145:22	0/1:245:32
1	3157410	AN=4;AC=4	GT:GQ:DP	1/1:11:11	1/1:21:21
1	3162006	AN=4;AC=2	GT:GQ:DP	0/1:112:12	0/1:212:22
1	3177144	AN=4;AC=0	GT:GQ:DP	0/0:150:20	0/0:150:30
1	3184885	AN=4;AC=2,2	GT:GQ:DP	1/2:12:10	1/2:22:20
2	3199812	AN=4;AC=2,2	GT:GQ:DP	1/2:122:16	1/2:322:26
3	3212016	AN=4;AC=2,2	GT:GQ:DP	1/2:11:16	1/2:91:26
4	3258448	AN=4;AC=2	GT:GQ:DP	0/1:125:11	0/1:325:31
4	3258449	AN=4;AC=3	GT:GQ:DP	0/1:125:11	1/1:325:31
