3000151	C	CA
3000152	C	TA
3000153	C	T,CA
3000154	C	.
