201	8e-05	8e-05	8e-05
202	8e-05	.	.
203	8e-05	8e-05	.
204	8e-05	.	8e-05
205	.	8e-05	.
206	.	8e-05	8e-05
207	.	.	8e-05
302	8e-05	.	.
303	8e-05	8e-05	.
305	.	8e-05	.
402	8e-05	.	.
404	8e-05	.	8e-05
407	.	.	8e-05
505	.	8e-05	.
506	.	8e-05	8e-05
507	.	.	8e-05
