3000154	A	0/1	30,13,0
3000156	A	1/0	30,14,0
3000158	A	2/0	0,5,30
3000158	B	2/0	0,5,300
3000158	A	2/0	1,0,110
3000158	B	2/0	1,0,1100
