3000154	A	0/1	30,13,0
3000155	A	0/2	20,0,10
3000156	A	1/0	30,14,0
