14464	T	non_coding_transcript_exon_variant	MODIFIER	WASH7P	ENSG00000227232	Transcript	ENST00000423562	unprocessed_pseudogene	10/10	.	ENST00000423562.1:n.1568T>A	.	1568	.	.	.	.	rs546169444	1	.	-1	.	SNV	HGNC	38034	.	.	.	.	.	.	.	.	.	.	.	.	.	.	.	0.0958	0.0144	0.1138	0.005	0.1859	0.1943	.	.	.	.	.	.	.	.	.	.	.	0.1943	SAS	.	.	.	.	.	.	.	.	.	.	.	.	.	.	.	.	.	.	.	.	.	.	.	.	.
14464	T	non_coding_transcript_exon_variant	MODIFIER	WASH7P	ENSG00000227232	Transcript	ENST00000438504	unprocessed_pseudogene	12/12	.	ENST00000438504.2:n.1682T>A	.	1682	.	.	.	.	rs546169444	1	.	-1	.	SNV	HGNC	38034	YES	.	.	.	.	.	.	.	.	.	.	.	.	.	.	0.0958	0.0144	0.1138	0.005	0.1859	0.1943	.	.	.	.	.	.	.	.	.	.	.	0.1943	SAS	.	.	.	.	.	.	.	.	.	.	.	.	.	.	.	.	.	.	.	.	.	.	.	.	.
14464	T	downstream_gene_variant	MODIFIER	DDX11L1	ENSG00000223972	Transcript	ENST00000456328	processed_transcript	.	.	.	.	.	.	.	.	.	rs546169444	1	55	1	.	SNV	HGNC	37102	YES	.	.	.	.	.	.	.	.	.	.	.	.	.	.	0.0958	0.0144	0.1138	0.005	0.1859	0.1943	.	.	.	.	.	.	.	.	.	.	.	0.1943	SAS	.	.	.	.	.	.	.	.	.	.	.	.	.	.	.	.	.	.	.	.	.	.	.	.	.
14464	T	non_coding_transcript_exon_variant	MODIFIER	WASH7P	ENSG00000227232	Transcript	ENST00000488147	unprocessed_pseudogene	11/11	.	ENST00000488147.1:n.1291T>A	.	1291	.	.	.	.	rs546169444	1	.	-1	.	SNV	HGNC	38034	.	.	.	.	.	.	.	.	.	.	.	.	.	.	.	0.0958	0.0144	0.1138	0.005	0.1859	0.1943	.	.	.	.	.	.	.	.	.	.	.	0.1943	SAS	.	.	.	.	.	.	.	.	.	.	.	.	.	.	.	.	.	.	.	.	.	.	.	.	.
14464	T	non_coding_transcript_exon_variant	MODIFIER	WASH7P	ENSG00000227232	Transcript	ENST00000538476	unprocessed_pseudogene	13/13	.	ENST00000538476.1:n.1530T>A	.	1530	.	.	.	.	rs546169444	1	.	-1	.	SNV	HGNC	38034	.	.	.	.	.	.	.	.	.	.	.	.	.	.	.	0.0958	0.0144	0.1138	0.005	0.1859	0.1943	.	.	.	.	.	.	.	.	.	.	.	0.1943	SAS	.	.	.	.	.	.	.	.	.	.	.	.	.	.	.	.	.	.	.	.	.	.	.	.	.
14464	T	non_coding_transcript_exon_variant	MODIFIER	WASH7P	ENSG00000227232	Transcript	ENST00000541675	unprocessed_pseudogene	9/9	.	ENST00000541675.1:n.1315T>A	.	1315	.	.	.	.	rs546169444	1	.	-1	.	SNV	HGNC	38034	.	.	.	.	.	.	.	.	.	.	.	.	.	.	.	0.0958	0.0144	0.1138	0.005	0.1859	0.1943	.	.	.	.	.	.	.	.	.	.	.	0.1943	SAS	.	.	.	.	.	.	.	.	.	.	.	.	.	.	.	.	.	.	.	.	.	.	.	.	.
14464	T	regulatory_region_variant	MODIFIER	.	.	RegulatoryFeature	ENSR00000000002	open_chromatin_region	.	.	.	.	.	.	.	.	.	rs546169444	1	.	.	.	SNV	.	.	.	.	.	.	.	.	.	.	.	.	.	.	.	.	.	0.0958	0.0144	0.1138	0.005	0.1859	0.1943	.	.	.	.	.	.	.	.	.	.	.	0.1943	SAS	.	.	.	.	.	.	.	.	.	.	.	.	.	.	.	.	.	.	.	.	.	.	.	.	.
