A1.vcf
A1
22	10	.	C	A	.	.	.	GT	./.
22	22	.	A	C	.	.	.	GT	0/0
22	23	.	C	A	.	.	.	GT	0/1
A2.vcf
A2
22	10	.	C	A	.	.	.	GT	0/1
22	22	.	A	C	.	.	.	GT	0/0
22	23	.	C	A	.	.	.	GT	0/0
A3.vcf
A3
22	10	.	C	A	.	.	.	GT	0/0
22	22	.	A	C	.	.	.	GT	0/0
22	23	.	C	A	.	.	.	GT	0/0
B1.vcf
B1
22	10	.	C	A	.	.	.	GT	./.
22	22	.	A	C	.	.	.	GT	0/0
22	23	.	C	A	.	.	.	GT	0/1
B2.vcf
B2
22	10	.	C	A	.	.	.	GT	0/0
22	22	.	A	C	.	.	.	GT	0/0
22	23	.	C	A	.	.	.	GT	0/0
C.vcf
C
22	10	.	C	A	.	.	.	GT	./.
22	22	.	A	C	.	.	.	GT	0/0
22	23	.	C	A	.	.	.	GT	1/0
