14464	SMPLB	0/1	non_coding_transcript_exon_variant
14469	SMPLB	0/1	non_coding_transcript_exon_variant
14522	SMPLB	0/1	intron_variant&non_coding_transcript_variant
