chr1	1	.	G	C	.	.	MPOS=.;XPOS=.,.,.;NALOD=-0.8279;NLOD=15.45;POPAF=6
chr1	2	.	G	C	.	.	MPOS=.;XPOS=.,.,.;NALOD=-0.8279;NLOD=15.45;POPAF=6
