chr1	1	.	G	C	.	.	MPOS=.;XPOS=.,.,.	MPOS:XPOS	.:.,.,.
