##fileformat=VCFv4.2
##FILTER=<ID=PASS,Description="All filters passed">
##contig=<ID=17,length=4200>
##ALT=<ID=*,Description="Represents allele(s) other than observed.">
##INFO=<ID=INDEL,Number=0,Type=Flag,Description="Indicates that the variant is an INDEL.">
##INFO=<ID=IDV,Number=1,Type=Integer,Description="Maximum number of raw reads supporting an indel">
##INFO=<ID=IMF,Number=1,Type=Float,Description="Maximum fraction of raw reads supporting an indel">
##INFO=<ID=DP,Number=1,Type=Integer,Description="Raw read depth">
##INFO=<ID=VDB,Number=1,Type=Float,Description="Variant Distance Bias for filtering splice-site artefacts in RNA-seq data (bigger is better)",Version="3">
##INFO=<ID=RPBZ,Number=1,Type=Float,Description="Mann-Whitney U-z test of Read Position Bias (closer to 0 is better)">
##INFO=<ID=MQBZ,Number=1,Type=Float,Description="Mann-Whitney U-z test of Mapping Quality Bias (closer to 0 is better)">
##INFO=<ID=BQBZ,Number=1,Type=Float,Description="Mann-Whitney U-z test of Base Quality Bias (closer to 0 is better)">
##INFO=<ID=MQSBZ,Number=1,Type=Float,Description="Mann-Whitney U-z test of Mapping Quality vs Strand Bias (closer to 0 is better)">
##INFO=<ID=SCBZ,Number=1,Type=Float,Description="Mann-Whitney U-z test of Soft-Clip Length Bias (closer to 0 is better)">
##INFO=<ID=FS,Number=1,Type=Float,Description="Phred-scaled p-value using Fisher's exact test to detect strand bias">
##INFO=<ID=SGB,Number=1,Type=Float,Description="Segregation based metric.">
##INFO=<ID=MQ0F,Number=1,Type=Float,Description="Fraction of MQ0 reads (smaller is better)">
##INFO=<ID=I16,Number=16,Type=Float,Description="Auxiliary tag used for calling, see description of bcf_callret1_t in bam2bcf.h">
##INFO=<ID=QS,Number=R,Type=Float,Description="Auxiliary tag used for calling">
##FORMAT=<ID=PL,Number=G,Type=Integer,Description="List of Phred-scaled genotype likelihoods">
##FORMAT=<ID=DP,Number=1,Type=Integer,Description="Number of high-quality bases">
##FORMAT=<ID=DV,Number=1,Type=Integer,Description="Number of high-quality non-reference bases">
##INFO=<ID=END,Number=1,Type=Integer,Description="End position of the variant described in this record">
##INFO=<ID=MinDP,Number=1,Type=Integer,Description="Minimum per-sample depth in this gVCF block">
#CHROM	POS	ID	REF	ALT	QUAL	FILTER	INFO	FORMAT	HG00100	HG00101	HG00102
17	100	.	C	<*>	.	.	END=102;MinDP=3;QS=3,0	PL:DP	0,27,182:9	0,9,108:3	0,15,132:5
17	103	.	T	C,<*>	0	.	DP=18;I16=15,1,1,0,668,28542,6,36,929,54841,29,841,323,7035,6,36;QS=2.98256,0.0174419,0;SGB=-0.556633;RPBZ=-1.02125;MQBZ=-2.73861;MQSBZ=0.365148;BQBZ=-1.64924;SCBZ=4;FS=0;MQ0F=0	PL:DP:DV	0,17,184,24,187,185:9:1	0,9,118,9,118,118:3:0	0,15,147,15,147,147:5:0
17	104	.	G	C,<*>	0	.	DP=18;I16=15,1,1,0,601,24163,3,9,929,54841,29,841,320,6884,7,49;QS=2.98726,0.0127389,0;SGB=-0.556633;RPBZ=-1.02125;MQBZ=-2.73861;MQSBZ=0.365148;BQBZ=-1.64309;SCBZ=2.91548;FS=0;MQ0F=0	PL:DP:DV	0,18,173,24,176,173:9:1	0,9,101,9,101,101:3:0	0,15,133,15,133,133:5:0
17	105	.	G	<*>	.	.	END=108;MinDP=3;QS=3,0	PL:DP	0,30,171:10	0,9,92:3	0,15,124:5
17	109	.	T	C,<*>	0	.	DP=19;I16=16,1,1,0,716,30648,2,4,989,58441,29,841,309,6415,12,144;QS=2.98922,0.0107817,0;SGB=-0.556633;RPBZ=-0.674966;MQBZ=-2.82843;MQSBZ=0.353553;BQBZ=-1.6661;SCBZ=3;FS=0;MQ0F=0	PL:DP:DV	0,20,191,27,194,191:10:1	0,9,120,9,120,120:3:0	0,15,150,15,150,150:5:0
17	110	.	G	<*>	.	.	END=111;MinDP=3;QS=3,0	PL:DP	0,30,167:10	0,9,95:3	0,15,119:5
17	112	.	C	G,<*>	0	.	DP=19;I16=16,1,1,0,657,26565,2,4,989,58441,29,841,301,6277,15,225;QS=2.98907,0.010929,0;SGB=-0.556633;RPBZ=-0.482118;MQBZ=-2.82843;MQSBZ=0.353553;BQBZ=-1.65292;SCBZ=3;FS=0;MQ0F=0	PL:DP:DV	0,20,187,27,190,187:10:1	0,9,103,9,103,103:3:0	0,15,135,15,135,135:5:0
17	113	.	A	G,<*>	0	.	DP=19;I16=16,1,1,0,635,25055,4,16,989,58441,29,841,297,6207,16,256;QS=2.98817,0.0118343,0;SGB=-0.556633;RPBZ=-0.482118;MQBZ=-2.82843;MQSBZ=0.353553;BQBZ=-1.65205;SCBZ=3;FS=0;MQ0F=0	PL:DP:DV	0,20,172,27,175,172:10:1	0,9,102,9,102,102:3:0	0,15,139,15,139,139:5:0
17	114	.	C	<*>	.	.	MinDP=3;QS=3,0	PL:DP	0,30,181:10	0,9,113:3	0,15,133:5
17	115	.	C	A,<*>	0	.	DP=21;I16=17,2,1,0,688,27426,12,144,1078,62882,29,841,283,5827,25,625;QS=2.88785,0.11215,0;SGB=-0.556633;RPBZ=0.260329;MQBZ=-2.38048;MQSBZ=-1.42419;BQBZ=-1.47798;SCBZ=-0.418446;FS=0;MQ0F=0	PL:DP:DV	0,30,189,30,189,189:10:0	3,0,86,9,89,93:3:1	0,21,153,21,153,153:7:0
17	116	.	A	C,<*>	0	.	DP=21;I16=17,2,1,0,705,27791,2,4,1078,62882,29,841,287,6073,19,361;QS=2.98873,0.0112676,0;SGB=-0.556633;RPBZ=0.0867763;MQBZ=-2.38048;MQSBZ=-1.42419;BQBZ=-1.65814;SCBZ=2.65016;FS=0;MQ0F=0	PL:DP:DV	0,20,179,27,182,179:10:1	0,9,102,9,102,102:3:0	0,21,175,21,175,175:7:0
17	117	.	G	<*>	.	.	END=119;MinDP=2;QS=3,0	PL:DP	0,27,175:9	0,6,76:2	0,21,160:7
17	120	.	A	G,<*>	0	.	DP=19;I16=15,2,1,0,646,25392,4,16,958,55682,29,841,277,5999,23,529;QS=2.9873,0.0126984,0;SGB=-0.556633;RPBZ=0.28942;MQBZ=-2.23607;MQSBZ=-1.30384;BQBZ=-1.6486;SCBZ=3;FS=0;MQ0F=0	PL:DP:DV	0,18,171,24,174,171:9:1	0,6,88,6,88,88:2:0	0,21,171,21,171,171:7:0
17	121	.	G	<*>	.	.	END=124;MinDP=2;QS=3,0	PL:DP	0,24,170:8	0,6,84:2	0,18,154:6
17	125	.	A	T,<*>	0	.	DP=18;I16=14,2,1,0,589,22565,4,16,898,52082,29,841,272,5916,25,625;QS=2.98444,0.0155642,0;SGB=-0.556633;RPBZ=1.02125;MQBZ=-2.16025;MQSBZ=-1.23956;BQBZ=-1.64106;SCBZ=2.91548;FS=0;MQ0F=0	PL:DP:DV	0,15,149,21,152,149:8:1	0,9,114,9,114,114:3:0	0,18,162,18,162,162:6:0
17	126	.	A	<*>	.	.	END=158;MinDP=2;QS=3,0	PL:DP	0,18,128:6	0,6,81:2	0,15,102:5
17	159	.	A	G,<*>	0	.	DP=15;I16=12,2,1,0,519,19467,5,25,809,47641,60,3600,260,5880,0,0;QS=2.97076,0.0292398,0;SGB=-0.556633;RPBZ=-1.62163;MQBZ=0.267261;MQSBZ=-2.54951;BQBZ=-1.63041;FS=0;MQ0F=0	PL:DP:DV	0,21,157,21,157,157:7:0	0,6,83,6,83,83:2:0	0,10,129,15,132,129:6:1
17	160	.	G	<*>	.	.	END=173;MinDP=2;QS=3,0	PL:DP	0,15,106:5	0,6,75:2	0,15,138:5
17	174	.	G	<*>	.	.	END=188;MinDP=1;QS=3,0	PL:DP	0,15,111:5	0,3,27:1	0,21,116:7
17	189	.	C	<*>	.	.	MinDP=2;QS=3,0	PL:DP	0,18,152:6	0,6,67:2	0,21,167:7
17	190	.	A	C,<*>	0	.	DP=15;I16=12,2,1,0,500,18230,5,25,778,44882,60,3600,243,5381,25,625;QS=2.97664,0.0233645,0;SGB=-0.556633;RPBZ=0;MQBZ=0.392232;MQSBZ=-3.74166;BQBZ=-1.63041;FS=0;MQ0F=0	PL:DP:DV	0,18,138,18,138,138:6:0	0,6,68,6,68,68:2:0	0,12,153,18,156,153:7:1
17	191	.	T	<*>	.	.	END=222;MinDP=2;QS=3,0	PL:DP	0,18,140:6	0,6,63:2	0,12,73:4
17	223	.	G	T,<*>	0	.	DP=13;I16=9,3,1,0,412,14782,8,64,627,34923,60,3600,243,5657,25,625;QS=2.96596,0.0340426,0;SGB=-0.556633;RPBZ=1.06904;MQBZ=0.547723;MQSBZ=-3.4641;BQBZ=-1.60577;FS=0;MQ0F=0	PL:DP:DV	0,11,166,18,169,167:7:1	0,6,53,6,53,53:2:0	0,12,81,12,81,81:4:0
17	224	.	G	<*>	.	.	END=225;MinDP=2;QS=3,0	PL:DP	0,18,165:6	0,6,48:2	0,12,70:4
17	226	.	A	G,C,<*>	0	.	DP=13;I16=8,3,1,1,381,13669,6,18,567,31323,89,4441,248,5894,44,986;QS=2.94293,0.0392157,0.0178571,0;VDB=0.84;SGB=-2.62246;RPBZ=-0.592972;MQBZ=-0.615457;MQSBZ=-3.4641;BQBZ=-2.17723;SCBZ=2.34521;FS=0;MQ0F=0	PL:DP:DV	0,18,159,12,162,159,18,159,162,159:7:1	0,6,53,6,53,53,6,53,53,53:2:0	0,5,79,9,82,80,9,82,80,80:4:1
17	227	.	C	<*>	.	.	END=236;MinDP=2;QS=3,0	PL:DP	0,21,145:7	0,6,45:2	0,12,70:4
17	237	.	A	C,<*>	0	.	DP=14;I16=9,4,1,0,465,16877,8,64,656,35764,60,3600,266,6282,25,625;QS=2.93162,0.0683761,0;SGB=-0.556633;RPBZ=1.11754;MQBZ=0.632456;MQSBZ=-3.60555;BQBZ=-1.61959;SCBZ=-0.27735;FS=0;MQ0F=0	PL:DP:DV	0,24,206,24,206,206:8:0	0,6,53,6,53,53:2:0	0,3,84,9,87,87:4:1
17	238	.	C	<*>	.	.	END=255;MinDP=2;QS=3,0	PL:DP	0,24,211:8	0,6,50:2	0,12,64:4
17	256	.	A	<*>	.	.	END=266;MinDP=5;QS=3,0	PL:DP	0,33,247:11	0,15,92:5	0,15,122:5
17	267	.	T	G,<*>	0	.	DP=21;I16=9,11,0,1,739,27465,8,64,960,50456,29,841,373,7935,25,625;QS=2.94203,0.057971,0;SGB=-0.556633;RPBZ=-0.330504;MQBZ=-1.23153;MQSBZ=-3.3021;BQBZ=-1.66282;SCBZ=2.91633;FS=0;MQ0F=0	PL:DP:DV	0,33,254,33,254,254:11:0	0,6,93,12,96,96:5:1	0,15,149,15,149,149:5:0
17	268	.	T	<*>	.	.	END=272;MinDP=5;QS=3,0	PL:DP	0,33,238:11	0,15,91:5	0,15,143:5
17	273	.	T	C,<*>	0	.	DP=22;I16=9,12,0,1,798,30664,5,25,989,51297,29,841,392,8620,25,625;QS=2.96094,0.0390625,0;SGB=-0.556633;RPBZ=-0.236567;MQBZ=-1.16701;MQSBZ=-3.42286;BQBZ=-1.66779;SCBZ=3.00076;FS=0;MQ0F=0	PL:DP:DV	0,36,255,36,255,255:12:0	0,7,89,12,92,90:5:1	0,15,161,15,161,161:5:0
17	274	.	C	<*>	.	.	MinDP=5;QS=3,0	PL:DP	0,36,255:12	0,15,101:5	0,15,144:5
17	275	.	C	<*>	.	.	END=277;MinDP=4;QS=3,0	PL:DP	0,33,253:11	0,15,114:5	0,12,121:4
17	278	.	A	C,<*>	0	.	DP=21;I16=6,14,1,0,722,26452,7,49,867,42179,60,3600,415,9521,11,121;QS=2.97935,0.020649,0;SGB=-0.556633;RPBZ=1.56989;MQBZ=1.0247;MQSBZ=-3.24037;BQBZ=-1.66667;SCBZ=-0.324037;FS=0;MQ0F=0	PL:DP:DV	0,22,231,30,234,231:11:1	0,18,123,18,123,123:6:0	0,12,121,12,121,121:4:0
17	279	.	A	<*>	.	.	END=282;MinDP=4;QS=3,0	PL:DP	0,36,253:12	0,18,122:6	0,12,119:4
17	283	.	C	<*>	.	.	END=296;MinDP=5;QS=3,0	PL:DP	0,33,240:11	0,18,119:6	0,15,122:5
17	297	.	C	G,<*>	0	.	DP=25;I16=9,15,1,0,901,34305,4,16,1138,59338,60,3600,445,9901,10,100;QS=2.98261,0.0173913,0;SGB=-0.556633;RPBZ=-1.24856;MQBZ=0.806872;MQSBZ=-3.22749;BQBZ=-1.67542;SCBZ=-0.368383;FS=0;MQ0F=0	PL:DP:DV	0,33,255,33,255,255:11:0	0,15,168,21,171,168:8:1	0,18,161,18,161,161:6:0
17	298	.	A	<*>	.	.	END=301;MinDP=7;QS=3,0	PL:DP	0,30,231:10	0,21,172:7	0,21,189:7
17	302	.	T	TA	0	.	INDEL;IDV=7;IMF=1;DP=25;I16=2,4,8,11,240,9600,760,30400,236,10564,993,55133,109,2229,377,8629;QS=0.539485,2.46052;VDB=0.27613;SGB=-4.22417;RPBZ=1.11989;MQBZ=1.47646;MQSBZ=-3.10529;SCBZ=-0.268121;FS=0;MQ0F=0	PL:DP:DV	161,0,99:11:6	158,0,14:7:6	201,21,0:7:7
17	303	.	G	<*>	.	.	END=334;MinDP=7;QS=3,0	PL:DP	0,30,235:10	0,21,197:7	0,21,195:7
17	335	.	A	G,<*>	0	.	DP=32;I16=13,18,1,0,1084,40336,4,16,1589,87297,60,3600,555,11943,0,0;QS=2.98919,0.0108108,0;SGB=-0.556633;RPBZ=-1.67921;MQBZ=0.622171;MQSBZ=-2.25492;BQBZ=-1.68602;SCBZ=-0.258065;FS=0;MQ0F=0	PL:DP:DV	0,33,252,33,252,252:11:0	0,27,219,27,219,219:9:0	0,25,245,33,248,245:12:1
17	336	.	A	<*>	.	.	MinDP=9;QS=3,0	PL:DP	0,33,255:11	0,27,212:9	0,36,255:12
17	337	.	C	A,<*>	0	.	DP=32;I16=14,17,0,1,1125,42481,5,25,1612,89528,37,1369,536,11590,18,324;QS=2.98113,0.0188679,0;SGB=-0.556633;RPBZ=0.812519;MQBZ=-1.03695;MQSBZ=-2.25492;BQBZ=-1.68353;SCBZ=-0.258065;FS=0;MQ0F=0	PL:DP:DV	0,33,255,33,255,255:11:0	0,17,195,24,198,195:9:1	0,36,255,36,255,255:12:0
17	338	.	T	<*>	.	.	END=354;MinDP=8;QS=3,0	PL:DP	0,27,225:9	0,24,185:8	0,30,255:10
17	355	.	G	T,<*>	0	.	DP=28;I16=14,13,0,1,1001,37907,41,1681,1442,81174,60,3600,547,12487,25,625;QS=2.875,0.125,0;SGB=-0.556633;RPBZ=0.185772;MQBZ=0.520126;MQSBZ=-1.7696;BQBZ=0.683978;SCBZ=-0.27735;FS=0;MQ0F=0	PL:DP:DV	14,0,200,38,203,231:9:1	0,27,222,27,222,222:9:0	0,30,255,30,255,255:10:0
17	356	.	G	<*>	.	.	END=358;MinDP=8;QS=3,0	PL:DP	0,27,228:9	0,24,197:8	0,30,252:10
17	359	.	G	T,<*>	0	.	DP=29;I16=15,13,0,1,1085,42761,10,100,1525,87005,60,3600,552,12620,25,625;QS=2.96032,0.0396825,0;SGB=-0.556633;RPBZ=-0.119567;MQBZ=0.456435;MQSBZ=-1.53333;BQBZ=-1.68246;SCBZ=5.2915;FS=0;MQ0F=0	PL:DP:DV	0,30,255,30,255,255:10:0	0,13,178,21,181,180:8:1	0,33,255,33,255,255:11:0
17	360	.	A	<*>	.	.	END=368;MinDP=8;QS=3,0	PL:DP	0,30,252:10	0,24,204:8	0,30,255:10
17	369	.	T	G,<*>	0	.	DP=28;I16=16,11,0,1,1037,40275,6,36,1496,86164,60,3600,548,12256,25,625;QS=2.97683,0.023166,0;SGB=-0.556633;RPBZ=0.123865;MQBZ=0.408248;MQSBZ=-1.37784;BQBZ=-1.68703;SCBZ=5.19615;FS=0;MQ0F=0	PL:DP:DV	0,30,250,30,250,250:10:0	0,15,189,21,192,190:8:1	0,30,255,30,255,255:10:0
17	370	.	C	<*>	.	.	END=374;MinDP=8;QS=3,0	PL:DP	0,30,255:10	0,24,201:8	0,30,255:10
17	375	.	A	T,<*>	0	.	DP=31;I16=17,13,0,1,1138,43798,14,196,1676,96964,60,3600,547,12177,4,16;QS=2.9661,0.0338983,0;SGB=-0.556633;RPBZ=-1.45462;MQBZ=0.3849;MQSBZ=-1.26404;BQBZ=-1.68488;SCBZ=-0.182574;FS=0;MQ0F=0	PL:DP:DV	0,36,255,36,255,255:12:0	0,24,218,24,218,218:8:0	0,18,255,30,255,255:11:1
17	376	.	G	<*>	.	.	END=383;MinDP=7;QS=3,0	PL:DP	0,36,255:12	0,21,172:7	0,30,255:10
17	384	.	A	C,<*>	0	.	DP=31;I16=19,11,0,1,1077,39885,4,16,1738,102482,60,3600,504,10988,25,625;QS=2.98419,0.0158103,0;SGB=-0.556633;RPBZ=0.615415;MQBZ=0.262613;MQSBZ=-0.333409;BQBZ=-1.68746;FS=0;MQ0F=0	PL:DP:DV	0,39,255,39,255,255:13:0	0,15,171,21,174,171:8:1	0,30,255,30,255,255:10:0
17	385	.	C	<*>	.	.	END=400;MinDP=5;QS=3,0	PL:DP	0,36,255:12	0,15,133:5	0,30,255:10
17	401	.	A	C,<*>	0	.	DP=29;I16=17,11,0,1,1063,41001,8,64,1587,92523,60,3600,501,11113,25,625;QS=2.97985,0.0201511,0;SGB=-0.556633;RPBZ=-0.478622;MQBZ=0.339683;MQSBZ=0.29364;BQBZ=-1.68267;FS=0;MQ0F=0	PL:DP:DV	0,39,255,39,255,255:13:0	0,15,160,15,160,160:5:0	0,22,255,30,255,255:11:1
17	402	.	T	<*>	.	.	END=404;MinDP=5;QS=3,0	PL:DP	0,39,255:13	0,15,131:5	0,33,255:11
17	405	.	T	<*>	.	.	END=411;MinDP=4;QS=3,0	PL:DP	0,39,255:13	0,12,109:4	0,30,244:10
17	412	.	C	T,<*>	0	.	DP=30;I16=17,12,1,0,1094,42458,14,196,1678,98882,60,3600,495,10659,25,625;QS=2.97455,0.0254545,0;SGB=-0.556633;RPBZ=-0.404685;MQBZ=0.267261;MQSBZ=-0.293785;BQBZ=-1.6942;FS=0;MQ0F=0	PL:DP:DV	0,30,255,42,255,255:15:1	0,12,124,12,124,124:4:0	0,33,255,33,255,255:11:0
17	413	.	A	<*>	.	.	END=436;MinDP=3;QS=3,0	PL:DP	0,45,255:15	0,9,98:3	0,27,223:9
17	437	.	T	G,<*>	0	.	DP=28;I16=13,14,1,0,990,36832,6,36,1558,91682,29,841,549,12435,16,256;QS=2.9781,0.0218978,0;SGB=-0.556633;RPBZ=-1.36195;MQBZ=-2.88675;MQSBZ=0.6;BQBZ=-1.67909;FS=0;MQ0F=0	PL:DP:DV	0,48,255,48,255,255:16:0	0,9,109,9,109,109:3:0	0,17,200,24,203,201:9:1
17	438	.	A	<*>	.	.	END=464;MinDP=2;QS=3,0	PL:DP	0,48,255:16	0,6,97:2	0,27,198:9
17	465	.	C	T,<*>	0	.	DP=33;I16=19,12,0,1,1173,45601,4,16,1775,103851,60,3600,589,12909,6,36;QS=2.98734,0.0126582,0;SGB=-0.556633;RPBZ=1.67936;MQBZ=0.321288;MQSBZ=0.341466;BQBZ=-1.68493;FS=0;MQ0F=0	PL:DP:DV	0,51,255,51,255,255:17:0	0,15,158,15,158,158:5:0	0,20,224,27,227,224:10:1
17	466	.	A	<*>	.	.	END=470;MinDP=5;QS=3,0	PL:DP	0,54,255:18	0,15,165:5	0,30,238:10
17	471	.	T	G,C,<*>	0	.	DP=36;I16=21,12,0,2,1220,46380,18,162,1918,113282,97,4969,611,13281,16,256;QS=2.94529,0.0273556,0.0273556,0;VDB=0.96;SGB=0.346553;RPBZ=0.497712;MQBZ=-1.9761;MQSBZ=0.312094;BQBZ=-2.35032;FS=0;MQ0F=0	PL:DP:DV	0,57,255,57,255,255,57,255,255,255:19:0	0,15,169,15,169,169,15,169,169,169:5:0	0,19,219,19,221,219,27,222,222,221:11:2
17	472	.	T	<*>	.	.	END=487;MinDP=5;QS=3,0	PL:DP	0,51,255:17	0,15,146:5	0,30,241:10
17	488	.	A	G,<*>	0	.	DP=35;I16=22,12,1,0,1278,48412,4,16,1986,117410,29,841,646,14380,25,625;QS=2.98947,0.0105263,0;SGB=-0.556633;RPBZ=0.544734;MQBZ=-3.36505;MQSBZ=0.10737;BQBZ=-1.69552;FS=0;MQ0F=0	PL:DP:DV	0,54,255,54,255,255:18:0	0,18,177,18,177,177:6:0	0,23,255,30,255,255:11:1
17	489	.	A	<*>	.	.	END=511;MinDP=6;QS=3,0	PL:DP	0,51,255:17	0,18,175:6	0,24,221:8
17	512	.	A	C,<*>	0	.	DP=33;I16=22,10,0,1,1133,41513,13,169,1866,110210,60,3600,628,14340,9,81;QS=2.97766,0.0223368,0;SGB=-0.556633;RPBZ=-1.47091;MQBZ=0.253876;MQSBZ=-0.461593;BQBZ=-1.68442;FS=0;MQ0F=0	PL:DP:DV	0,39,255,51,255,255:18:1	0,21,183,21,183,183:7:0	0,24,231,24,231,231:8:0
17	513	.	A	T,<*>	0	.	DP=32;I16=21,10,1,0,1125,42283,12,144,1806,106610,60,3600,623,14249,15,225;QS=2.97966,0.020339,0;SGB=-0.556633;RPBZ=-1.24598;MQBZ=0.258065;MQSBZ=-0.532795;BQBZ=-1.57376;FS=0;MQ0F=0	PL:DP:DV	0,37,255,48,255,255:17:1	0,21,177,21,177,177:7:0	0,24,233,24,233,233:8:0
17	514	.	A	T,<*>	0	.	DP=32;I16=22,9,0,1,1086,40204,16,256,1806,106610,60,3600,627,14381,11,121;QS=2.97127,0.0287253,0;SGB=-0.556633;RPBZ=-1.46267;MQBZ=0.258065;MQSBZ=-0.532795;BQBZ=-1.46657;FS=0;MQ0F=0	PL:DP:DV	0,34,255,48,255,255:17:1	0,21,172,21,172,172:7:0	0,24,235,24,235,235:8:0
17	515	.	C	<*>	.	.	END=522;MinDP=5;QS=3,0	PL:DP	0,51,255:17	0,21,169:7	0,15,170:5
17	523	.	T	G,<*>	0	.	DP=32;I16=23,8,1,0,1184,45708,15,225,1837,109369,60,3600,626,14446,25,625;QS=2.9794,0.0206044,0;SGB=-0.556633;RPBZ=1.13753;MQBZ=0.179605;MQSBZ=-1.73205;BQBZ=-1.68805;FS=0;MQ0F=0	PL:DP:DV	0,44,255,57,255,255:20:1	0,21,191,21,191,191:7:0	0,15,166,15,166,166:5:0
17	524	.	T	<*>	.	.	END=534;MinDP=5;QS=3,0	PL:DP	0,54,255:18	0,21,172:7	0,15,133:5
17	535	.	A	G,<*>	0	.	DP=31;I16=24,6,0,1,1080,39870,8,64,1777,105769,60,3600,611,13341,25,625;QS=2.98623,0.0137694,0;SGB=-0.556633;RPBZ=-0.894608;MQBZ=0.182574;MQSBZ=-1.85164;BQBZ=-1.6854;FS=0;MQ0F=0	PL:DP:DV	0,41,255,51,255,255:18:1	0,21,194,21,194,194:7:0	0,18,189,18,189,189:6:0
17	536	.	C	<*>	.	.	END=547;MinDP=6;QS=3,0	PL:DP	0,54,255:18	0,21,166:7	0,18,157:6
17	548	.	A	C,<*>	0	.	DP=33;I16=23,9,1,0,1153,42673,9,81,1866,110210,60,3600,561,12489,3,9;QS=2.98607,0.0139319,0;SGB=-0.556633;RPBZ=1.57584;MQBZ=0.253876;MQSBZ=-2.34521;BQBZ=-1.68939;SCBZ=3.80814;FS=0;MQ0F=0	PL:DP:DV	0,44,255,54,255,255:19:1	0,21,181,21,181,181:7:0	0,21,211,21,211,211:7:0
17	549	.	T	G,<*>	0	.	DP=32;I16=23,8,0,1,1135,42143,20,400,1806,106610,60,3600,532,11720,25,625;QS=2.96918,0.0308166,0;SGB=-0.556633;RPBZ=-0.487556;MQBZ=0.258065;MQSBZ=-2.29695;BQBZ=-1.68602;SCBZ=-0.258065;FS=0;MQ0F=0	PL:DP:DV	0,34,255,51,255,255:18:1	0,21,168,21,168,168:7:0	0,21,208,21,208,208:7:0
17	550	.	T	<*>	.	.	END=558;MinDP=6;QS=3,0	PL:DP	0,45,255:15	0,18,143:6	0,18,177:6
17	559	.	C	A,<*>	0	.	DP=27;I16=18,8,0,1,915,33775,14,196,1560,93600,29,841,473,10141,25,625;QS=2.92708,0.0729167,0;SGB=-0.556633;RPBZ=-1.02726;MQBZ=-5.09902;MQSBZ=-1.41421;BQBZ=-1.54776;SCBZ=5.09902;FS=0;MQ0F=0	PL:DP:DV	0,45,255,45,255,255:15:0	0,4,116,15,119,123:6:1	0,18,169,18,169,169:6:0
17	560	.	C	<*>	.	.	END=565;MinDP=5;QS=3,0	PL:DP	0,45,255:15	0,15,121:5	0,21,154:7
17	566	.	C	A,<*>	0	.	DP=29;I16=16,12,1,0,920,33998,9,81,1649,98041,60,3600,454,9734,25,625;QS=2.98321,0.016791,0;SGB=-0.556633;RPBZ=0.239193;MQBZ=0.188982;MQSBZ=-1.19024;BQBZ=-1.43942;SCBZ=-0.188982;FS=0;MQ0F=0	PL:DP:DV	0,38,255,48,255,255:17:1	0,15,155,15,155,155:5:0	0,21,170,21,170,170:7:0
17	567	.	C	<*>	.	.	END=573;MinDP=6;QS=3,0	PL:DP	0,48,255:16	0,18,156:6	0,18,175:6
17	574	.	C	A,<*>	0	.	DP=31;I16=18,11,0,1,1088,41328,15,225,1740,104400,29,841,478,10422,25,625;QS=2.94071,0.0592885,0;SGB=-0.556633;RPBZ=-0.173514;MQBZ=-5.38516;MQSBZ=-1.22474;BQBZ=-1.68578;SCBZ=3.60588;FS=0;MQ0F=0	PL:DP:DV	0,48,255,48,255,255:16:0	0,9,170,21,173,177:8:1	0,18,173,18,173,173:6:0
17	575	.	T	C,<*>	0	.	DP=30;I16=17,11,0,1,1048,41548,9,81,1680,100800,29,841,480,10426,25,625;QS=2.96786,0.0321429,0;SGB=-0.556633;RPBZ=-0.119685;MQBZ=-5.2915;MQSBZ=-1.19024;BQBZ=-1.68121;SCBZ=3.53589;FS=0;MQ0F=0	PL:DP:DV	0,48,255,48,255,255:16:0	0,13,200,21,203,202:8:1	0,15,163,15,163,163:5:0
17	576	.	G	<*>	.	.	END=579;MinDP=5;QS=3,0	PL:DP	0,48,255:16	0,24,198:8	0,15,144:5
17	580	.	A	C,<*>	0	.	DP=30;I16=15,14,1,0,1060,39178,16,256,1709,101641,60,3600,510,11078,17,289;QS=2.97338,0.0266223,0;SGB=-0.556633;RPBZ=1.32953;MQBZ=0.185695;MQSBZ=-1.06904;BQBZ=-1.69093;SCBZ=-0.267102;FS=0;MQ0F=0	PL:DP:DV	0,34,255,48,255,255:17:1	0,24,221,24,221,221:8:0	0,15,155,15,155,155:5:0
17	581	.	A	<*>	.	.	MinDP=5;QS=3,0	PL:DP	0,54,255:18	0,24,223:8	0,15,153:5
17	582	.	C	G,<*>	0	.	DP=31;I16=15,15,1,0,1080,39870,8,64,1769,105241,60,3600,519,11211,15,225;QS=2.98734,0.0126582,0;SGB=-0.556633;RPBZ=1.34245;MQBZ=0.182574;MQSBZ=-1.0328;BQBZ=-1.68266;SCBZ=-0.262467;FS=0;MQ0F=0	PL:DP:DV	0,41,255,51,255,255:18:1	0,24,207,24,207,207:8:0	0,15,151,15,151,151:5:0
17	583	.	T	<*>	.	.	END=592;MinDP=5;QS=3,0	PL:DP	0,51,255:17	0,21,209:7	0,15,155:5
17	593	.	C	A,<*>	0	.	DP=31;I16=16,14,0,1,1071,39925,7,49,1769,105241,29,841,561,12253,25,625;QS=2.97021,0.0297872,0;SGB=-0.556633;RPBZ=0.559412;MQBZ=-3.80789;MQSBZ=-0.0464238;BQBZ=-1.57464;SCBZ=3.67454;FS=0;MQ0F=0	PL:DP:DV	0,54,255,54,255,255:18:0	0,12,184,18,187,185:7:1	0,18,174,18,174,174:6:0
17	594	.	A	G,<*>	0	.	DP=33;I16=16,16,1,0,1161,42757,4,16,1858,109682,60,3600,572,12672,15,225;QS=2.99359,0.00641026,0;SGB=-0.556633;RPBZ=-0.998367;MQBZ=0.254;MQSBZ=-0.0435607;BQBZ=-1.68954;SCBZ=-0.253876;FS=0;MQ0F=0	PL:DP:DV	0,42,255,51,255,255:18:1	0,21,205,21,205,205:7:0	0,24,213,24,213,213:8:0
17	595	.	A	<*>	.	.	MinDP=7;QS=3,0	PL:DP	0,54,255:18	0,21,198:7	0,24,218:8
17	596	.	A	G,<*>	0	.	DP=33;I16=16,16,1,0,1061,37187,8,64,1858,109682,60,3600,590,12952,1,1;QS=2.98564,0.0143627,0;SGB=-0.556633;RPBZ=1.68132;MQBZ=0.254;MQSBZ=-0.0435607;BQBZ=-1.68357;SCBZ=-0.253876;FS=0;MQ0F=0	PL:DP:DV	0,41,255,51,255,255:18:1	0,21,169,21,169,169:7:0	0,24,231,24,231,231:8:0
17	597	.	C	<*>	.	.	END=600;MinDP=7;QS=3,0	PL:DP	0,51,255:17	0,21,194:7	0,24,220:8
