5507	G	GC	frameshift|CD207|ENST00000410009|protein_coding|-|25E..329>25G..94|5507G>GC,splice_region|CD207|ENST00000410009|protein_coding
